
> Configure project :
Fabric Loom: 1.14.10

> Task :compileJava

BUILD SUCCESSFUL in 1s
1 actionable task: 1 executed
Consider enabling configuration cache to speed up this build: https://docs.gradle.org/9.2.0/userguide/configuration_cache_enabling.html
